sempl: Unset environment variable: $unset_variable

# many language features are tested by the readme,
# so i haven't bothered including them here yet
#
# TODO: parameters, frontmatter, continuation, line interpolation, etc.

Check field ranges
{<./madlibs.dat} {:2} {4:5} {7} {9:}: =>little cat big dog a for it<=
{<./madlibs.dat} {:2} {4:5} {7} {9:}: =>fast dog slow cat it <=

Check multiple field ranges
{<./madlibs.dat} {:2,4:5,7,9:}: => little cat big dog a for it<=
{<./madlibs.dat} {:2,4:5,7,9:}: => fast dog slow cat it <=

Make sure non-shell-identifiers aren't expanded
{$invalid.identifier}: =>{{$invalid.identifier}}<=

Check strictness of stdin parameter
{-invalid-stdin}: =>{{-invalid-stdin}}<=

Make sure field read parameter only expands other parameters
{<invalid parameter}: =>{{<invalid parameter}}<=

Check strictness of field cut parameter
{::2}: =>{{::2}}<=

Check missing variable
{$unset_variable}: =><=
  Note: error message will appear at beginning of test output

Check missing files
bash: line 40: /nonexistent/file: No such file or directory
bash: line 43: ./nonexistent/file: No such file or directory

Check missing command
bash: line 46: command-not-found: command not found

